Archive member included because of file (symbol)

c:/winavr-20100110/bin/../lib/gcc/avr/4.3.3/avr5\libgcc.a(_exit.o)
                              c:/winavr-20100110/bin/../lib/gcc/avr/4.3.3/../../../../avr/lib/avr5/crtm32.o (exit)
c:/winavr-20100110/bin/../lib/gcc/avr/4.3.3/avr5\libgcc.a(_copy_data.o)
                              ./MCAL_layer/GPIO_driver/gpio.o (__do_copy_data)

Memory Configuration

Name             Origin             Length             Attributes
text             0x00000000         0x00020000         xr
data             0x00800060         0x0000ffa0         rw !x
eeprom           0x00810000         0x00010000         rw !x
fuse             0x00820000         0x00000400         rw !x
lock             0x00830000         0x00000400         rw !x
signature        0x00840000         0x00000400         rw !x
*default*        0x00000000         0xffffffff

Linker script and memory map

LOAD c:/winavr-20100110/bin/../lib/gcc/avr/4.3.3/../../../../avr/lib/avr5/crtm32.o
LOAD ./MCAL_layer/GPIO_driver/gpio.o
LOAD ./ECUAL_layer/LED_driver/led.o
LOAD ./ECUAL_layer/KEYPAD_driver/keypad.o
LOAD ./ECUAL_layer/BUTTON_driver/button.o
LOAD ./main.o
LOAD c:/winavr-20100110/bin/../lib/gcc/avr/4.3.3/avr5\libgcc.a
LOAD c:/winavr-20100110/bin/../lib/gcc/avr/4.3.3/../../../../avr/lib/avr5\libc.a
LOAD c:/winavr-20100110/bin/../lib/gcc/avr/4.3.3/avr5\libgcc.a

.hash
 *(.hash)

.dynsym
 *(.dynsym)

.dynstr
 *(.dynstr)

.gnu.version
 *(.gnu.version)

.gnu.version_d
 *(.gnu.version_d)

.gnu.version_r
 *(.gnu.version_r)

.rel.init
 *(.rel.init)

.rela.init
 *(.rela.init)

.rel.text
 *(.rel.text)
 *(.rel.text.*)
 *(.rel.gnu.linkonce.t*)

.rela.text
 *(.rela.text)
 *(.rela.text.*)
 *(.rela.gnu.linkonce.t*)

.rel.fini
 *(.rel.fini)

.rela.fini
 *(.rela.fini)

.rel.rodata
 *(.rel.rodata)
 *(.rel.rodata.*)
 *(.rel.gnu.linkonce.r*)

.rela.rodata
 *(.rela.rodata)
 *(.rela.rodata.*)
 *(.rela.gnu.linkonce.r*)

.rel.data
 *(.rel.data)
 *(.rel.data.*)
 *(.rel.gnu.linkonce.d*)

.rela.data
 *(.rela.data)
 *(.rela.data.*)
 *(.rela.gnu.linkonce.d*)

.rel.ctors
 *(.rel.ctors)

.rela.ctors
 *(.rela.ctors)

.rel.dtors
 *(.rel.dtors)

.rela.dtors
 *(.rela.dtors)

.rel.got
 *(.rel.got)

.rela.got
 *(.rela.got)

.rel.bss
 *(.rel.bss)

.rela.bss
 *(.rela.bss)

.rel.plt
 *(.rel.plt)

.rela.plt
 *(.rela.plt)

.text           0x00000000      0x6d6
 *(.vectors)
 .vectors       0x00000000       0x54 c:/winavr-20100110/bin/../lib/gcc/avr/4.3.3/../../../../avr/lib/avr5/crtm32.o
                0x00000000                __vectors
                0x00000000                __vector_default
 *(.vectors)
 *(.progmem.gcc*)
 *(.progmem*)
                0x00000054                . = ALIGN (0x2)
                0x00000054                __trampolines_start = .
 *(.trampolines)
 .trampolines   0x00000054        0x0 linker stubs
 *(.trampolines*)
                0x00000054                __trampolines_end = .
 *(.jumptables)
 *(.jumptables*)
 *(.lowtext)
 *(.lowtext*)
                0x00000054                __ctors_start = .
 *(.ctors)
                0x00000054                __ctors_end = .
                0x00000054                __dtors_start = .
 *(.dtors)
                0x00000054                __dtors_end = .
 SORT(*)(.ctors)
 SORT(*)(.dtors)
 *(.init0)
 .init0         0x00000054        0x0 c:/winavr-20100110/bin/../lib/gcc/avr/4.3.3/../../../../avr/lib/avr5/crtm32.o
                0x00000054                __init
 *(.init0)
 *(.init1)
 *(.init1)
 *(.init2)
 .init2         0x00000054        0xc c:/winavr-20100110/bin/../lib/gcc/avr/4.3.3/../../../../avr/lib/avr5/crtm32.o
 *(.init2)
 *(.init3)
 *(.init3)
 *(.init4)
 .init4         0x00000060       0x16 c:/winavr-20100110/bin/../lib/gcc/avr/4.3.3/avr5\libgcc.a(_copy_data.o)
                0x00000060                __do_copy_data
 *(.init4)
 *(.init5)
 *(.init5)
 *(.init6)
 *(.init6)
 *(.init7)
 *(.init7)
 *(.init8)
 *(.init8)
 *(.init9)
 .init9         0x00000076        0x8 c:/winavr-20100110/bin/../lib/gcc/avr/4.3.3/../../../../avr/lib/avr5/crtm32.o
 *(.init9)
 *(.text)
 .text          0x0000007e        0x4 c:/winavr-20100110/bin/../lib/gcc/avr/4.3.3/../../../../avr/lib/avr5/crtm32.o
                0x0000007e                __vector_1
                0x0000007e                __vector_12
                0x0000007e                __bad_interrupt
                0x0000007e                __vector_6
                0x0000007e                __vector_3
                0x0000007e                __vector_11
                0x0000007e                __vector_13
                0x0000007e                __vector_17
                0x0000007e                __vector_19
                0x0000007e                __vector_7
                0x0000007e                __vector_5
                0x0000007e                __vector_4
                0x0000007e                __vector_9
                0x0000007e                __vector_2
                0x0000007e                __vector_15
                0x0000007e                __vector_8
                0x0000007e                __vector_14
                0x0000007e                __vector_10
                0x0000007e                __vector_16
                0x0000007e                __vector_18
                0x0000007e                __vector_20
 .text          0x00000082        0x0 ./MCAL_layer/GPIO_driver/gpio.o
 .text          0x00000082        0x0 ./ECUAL_layer/LED_driver/led.o
 .text          0x00000082        0x0 ./ECUAL_layer/KEYPAD_driver/keypad.o
 .text          0x00000082        0x0 ./ECUAL_layer/BUTTON_driver/button.o
 .text          0x00000082        0x0 ./main.o
 .text          0x00000082        0x0 c:/winavr-20100110/bin/../lib/gcc/avr/4.3.3/avr5\libgcc.a(_exit.o)
 .text          0x00000082        0x0 c:/winavr-20100110/bin/../lib/gcc/avr/4.3.3/avr5\libgcc.a(_copy_data.o)
                0x00000082                . = ALIGN (0x2)
 *(.text.*)
 .text.GPIO_pin_init
                0x00000082       0xf8 ./MCAL_layer/GPIO_driver/gpio.o
                0x00000082                GPIO_pin_init
 .text.GPIO_pin_direction_init
                0x0000017a       0x70 ./MCAL_layer/GPIO_driver/gpio.o
                0x0000017a                GPIO_pin_direction_init
 .text.GPIO_pin_get_direction
                0x000001ea       0x3e ./MCAL_layer/GPIO_driver/gpio.o
                0x000001ea                GPIO_pin_get_direction
 .text.GPIO_pin_write
                0x00000228       0x70 ./MCAL_layer/GPIO_driver/gpio.o
                0x00000228                GPIO_pin_write
 .text.GPIO_pin_read
                0x00000298       0x3e ./MCAL_layer/GPIO_driver/gpio.o
                0x00000298                GPIO_pin_read
 .text.GPIO_pin_toggle
                0x000002d6       0x3e ./MCAL_layer/GPIO_driver/gpio.o
                0x000002d6                GPIO_pin_toggle
 .text.GPIO_port_direction_init
                0x00000314       0x20 ./MCAL_layer/GPIO_driver/gpio.o
                0x00000314                GPIO_port_direction_init
 .text.GPIO_port_get_direction
                0x00000334       0x24 ./MCAL_layer/GPIO_driver/gpio.o
                0x00000334                GPIO_port_get_direction
 .text.GPIO_port_write
                0x00000358       0x20 ./MCAL_layer/GPIO_driver/gpio.o
                0x00000358                GPIO_port_write
 .text.GPIO_port_read
                0x00000378       0x24 ./MCAL_layer/GPIO_driver/gpio.o
                0x00000378                GPIO_port_read
 .text.GPIO_port_toggle
                0x0000039c       0x24 ./MCAL_layer/GPIO_driver/gpio.o
                0x0000039c                GPIO_port_toggle
 .text.LED_toggle
                0x000003c0       0x2c ./ECUAL_layer/LED_driver/led.o
                0x000003c0                LED_toggle
 .text.LED_off  0x000003ec       0x2e ./ECUAL_layer/LED_driver/led.o
                0x000003ec                LED_off
 .text.LED_on   0x0000041a       0x2e ./ECUAL_layer/LED_driver/led.o
                0x0000041a                LED_on
 .text.LED_init
                0x00000448       0x36 ./ECUAL_layer/LED_driver/led.o
                0x00000448                LED_init
 .text.KEYPAD_getPressedKey
                0x0000047e       0xba ./ECUAL_layer/KEYPAD_driver/keypad.o
                0x0000047e                KEYPAD_getPressedKey
 .text.KEYPAD_init
                0x00000538       0x62 ./ECUAL_layer/KEYPAD_driver/keypad.o
                0x00000538                KEYPAD_init
 .text.BUTTON_read
                0x0000059a       0x74 ./ECUAL_layer/BUTTON_driver/button.o
                0x0000059a                BUTTON_read
 .text.BUTTON_init
                0x0000060e       0x2c ./ECUAL_layer/BUTTON_driver/button.o
                0x0000060e                BUTTON_init
 .text.main     0x0000063a       0x98 ./main.o
                0x0000063a                main
 .text.libgcc   0x000006d2        0x0 c:/winavr-20100110/bin/../lib/gcc/avr/4.3.3/avr5\libgcc.a(_exit.o)
 .text.libgcc   0x000006d2        0x0 c:/winavr-20100110/bin/../lib/gcc/avr/4.3.3/avr5\libgcc.a(_copy_data.o)
                0x000006d2                . = ALIGN (0x2)
 *(.fini9)
 .fini9         0x000006d2        0x0 c:/winavr-20100110/bin/../lib/gcc/avr/4.3.3/avr5\libgcc.a(_exit.o)
                0x000006d2                exit
                0x000006d2                _exit
 *(.fini9)
 *(.fini8)
 *(.fini8)
 *(.fini7)
 *(.fini7)
 *(.fini6)
 *(.fini6)
 *(.fini5)
 *(.fini5)
 *(.fini4)
 *(.fini4)
 *(.fini3)
 *(.fini3)
 *(.fini2)
 *(.fini2)
 *(.fini1)
 *(.fini1)
 *(.fini0)
 .fini0         0x000006d2        0x4 c:/winavr-20100110/bin/../lib/gcc/avr/4.3.3/avr5\libgcc.a(_exit.o)
 *(.fini0)
                0x000006d6                _etext = .

.data           0x00800060       0x28 load address 0x000006d6
                0x00800060                PROVIDE (__data_start, .)
 *(.data)
 .data          0x00800060        0x0 c:/winavr-20100110/bin/../lib/gcc/avr/4.3.3/../../../../avr/lib/avr5/crtm32.o
 .data          0x00800060        0x0 ./MCAL_layer/GPIO_driver/gpio.o
 .data          0x00800060        0x0 ./ECUAL_layer/LED_driver/led.o
 .data          0x00800060        0x0 ./ECUAL_layer/KEYPAD_driver/keypad.o
 .data          0x00800060        0x0 ./ECUAL_layer/BUTTON_driver/button.o
 .data          0x00800060        0x0 ./main.o
 .data          0x00800060        0x0 c:/winavr-20100110/bin/../lib/gcc/avr/4.3.3/avr5\libgcc.a(_exit.o)
 .data          0x00800060        0x0 c:/winavr-20100110/bin/../lib/gcc/avr/4.3.3/avr5\libgcc.a(_copy_data.o)
 *(.data*)
 .data.DDR_registers
                0x00800060        0x8 ./MCAL_layer/GPIO_driver/gpio.o
                0x00800060                DDR_registers
 .data.PORT_registers
                0x00800068        0x8 ./MCAL_layer/GPIO_driver/gpio.o
                0x00800068                PORT_registers
 .data.PIN_registers
                0x00800070        0x8 ./MCAL_layer/GPIO_driver/gpio.o
                0x00800070                PIN_registers
 .data.keypad_array
                0x00800078       0x10 ./ECUAL_layer/KEYPAD_driver/keypad.o
                0x00800078                keypad_array
 *(.rodata)
 *(.rodata*)
 *(.gnu.linkonce.d*)
                0x00800088                . = ALIGN (0x2)
                0x00800088                _edata = .
                0x00800088                PROVIDE (__data_end, .)

.bss            0x00800088        0x0
                0x00800088                PROVIDE (__bss_start, .)
 *(.bss)
 .bss           0x00800088        0x0 c:/winavr-20100110/bin/../lib/gcc/avr/4.3.3/../../../../avr/lib/avr5/crtm32.o
 .bss           0x00800088        0x0 ./MCAL_layer/GPIO_driver/gpio.o
 .bss           0x00800088        0x0 ./ECUAL_layer/LED_driver/led.o
 .bss           0x00800088        0x0 ./ECUAL_layer/KEYPAD_driver/keypad.o
 .bss           0x00800088        0x0 ./ECUAL_layer/BUTTON_driver/button.o
 .bss           0x00800088        0x0 ./main.o
 .bss           0x00800088        0x0 c:/winavr-20100110/bin/../lib/gcc/avr/4.3.3/avr5\libgcc.a(_exit.o)
 .bss           0x00800088        0x0 c:/winavr-20100110/bin/../lib/gcc/avr/4.3.3/avr5\libgcc.a(_copy_data.o)
 *(.bss*)
 *(COMMON)
                0x00800088                PROVIDE (__bss_end, .)
                0x000006d6                __data_load_start = LOADADDR (.data)
                0x000006fe                __data_load_end = (__data_load_start + SIZEOF (.data))

.noinit         0x00800088        0x0
                0x00800088                PROVIDE (__noinit_start, .)
 *(.noinit*)
                0x00800088                PROVIDE (__noinit_end, .)
                0x00800088                _end = .
                0x00800088                PROVIDE (__heap_start, .)

.eeprom         0x00810000        0x0
 *(.eeprom*)
                0x00810000                __eeprom_end = .

.fuse
 *(.fuse)
 *(.lfuse)
 *(.hfuse)
 *(.efuse)

.lock
 *(.lock*)

.signature
 *(.signature*)

.stab
 *(.stab)

.stabstr
 *(.stabstr)

.stab.excl
 *(.stab.excl)

.stab.exclstr
 *(.stab.exclstr)

.stab.index
 *(.stab.index)

.stab.indexstr
 *(.stab.indexstr)

.comment
 *(.comment)

.debug
 *(.debug)

.line
 *(.line)

.debug_srcinfo
 *(.debug_srcinfo)

.debug_sfnames
 *(.debug_sfnames)

.debug_aranges
 *(.debug_aranges)

.debug_pubnames
 *(.debug_pubnames)

.debug_info
 *(.debug_info)
 *(.gnu.linkonce.wi.*)

.debug_abbrev
 *(.debug_abbrev)

.debug_line
 *(.debug_line)

.debug_frame
 *(.debug_frame)

.debug_str
 *(.debug_str)

.debug_loc
 *(.debug_loc)

.debug_macinfo
 *(.debug_macinfo)
OUTPUT(ATmega32_Drivers.elf elf32-avr)
LOAD linker stubs
